Component: ARM Compiler 5.06 update 7 (build 960) Tool: armlink [4d3601]

==============================================================================

Section Cross References

    main.o(i.main) refers to driver_timer.o(i.MyTimer_Base_Init) for MyTimer_Base_Init
    main.o(i.main) refers to driver_timer.o(i.MyTimer_ActiveIT) for MyTimer_ActiveIT
    main.o(i.main) refers to driver_gpio.o(i.MyGPIO_Init) for MyGPIO_Init
    main.o(i.main) refers to driver_timer.o(i.MyTimer_PWM) for MyTimer_PWM
    main.o(i.main) refers to driver_timer.o(i.MyTimer_PWM_Cycle) for MyTimer_PWM_Cycle
    main.o(i.main) refers to driver_adc.o(i.MyADC_Init) for MyADC_Init
    main.o(i.main) refers to main.o(i.Callback) for Callback
    driver_timer.o(i.MyTimer_ActiveIT) refers to driver_timer.o(i.__NVIC_EnableIRQ) for __NVIC_EnableIRQ
    driver_timer.o(i.MyTimer_ActiveIT) refers to driver_timer.o(i.__NVIC_SetPriority) for __NVIC_SetPriority
    driver_timer.o(i.MyTimer_ActiveIT) refers to driver_timer.o(.data) for callback1
    driver_timer.o(i.MyTimer_PWM_Cycle) refers to f2d.o(.text) for __aeabi_f2d
    driver_timer.o(i.MyTimer_PWM_Cycle) refers to ddiv.o(.text) for __aeabi_ddiv
    driver_timer.o(i.MyTimer_PWM_Cycle) refers to ffltui.o(.text) for __aeabi_ui2f
    driver_timer.o(i.MyTimer_PWM_Cycle) refers to dmul.o(.text) for __aeabi_dmul
    driver_timer.o(i.MyTimer_PWM_Cycle) refers to dfixi.o(.text) for __aeabi_d2iz
    driver_timer.o(i.TIM1_UP_IRQHandler) refers to driver_timer.o(.data) for callback1
    driver_timer.o(i.TIM2_IRQHandler) refers to driver_timer.o(.data) for callback2
    driver_timer.o(i.TIM3_IRQHandler) refers to driver_timer.o(.data) for callback3
    driver_timer.o(i.TIM4_IRQHandler) refers to driver_timer.o(.data) for callback4
    driver_adc.o(i.MyADC_Read) refers to ffltui.o(.text) for __aeabi_ui2f
    startup_stm32f10x_md.o(RESET) refers to startup_stm32f10x_md.o(STACK) for __initial_sp
    startup_stm32f10x_md.o(RESET) refers to startup_stm32f10x_md.o(.text) for Reset_Handler
    startup_stm32f10x_md.o(RESET) refers to driver_timer.o(i.TIM1_UP_IRQHandler) for TIM1_UP_IRQHandler
    startup_stm32f10x_md.o(RESET) refers to driver_timer.o(i.TIM2_IRQHandler) for TIM2_IRQHandler
    startup_stm32f10x_md.o(RESET) refers to driver_timer.o(i.TIM3_IRQHandler) for TIM3_IRQHandler
    startup_stm32f10x_md.o(RESET) refers to driver_timer.o(i.TIM4_IRQHandler) for TIM4_IRQHandler
    startup_stm32f10x_md.o(.text) refers to system_stm32f10x.o(i.SystemInit) for SystemInit
    startup_stm32f10x_md.o(.text) refers to entry.o(.ARM.Collect$$$$00000000) for __main
    system_stm32f10x.o(i.SetSysClock) refers to system_stm32f10x.o(i.SetSysClockTo72) for SetSysClockTo72
    system_stm32f10x.o(i.SystemCoreClockUpdate) refers to system_stm32f10x.o(.data) for SystemCoreClock
    system_stm32f10x.o(i.SystemInit) refers to system_stm32f10x.o(i.SetSysClock) for SetSysClock
    entry.o(.ARM.Collect$$$$00000000) refers (Special) to entry10a.o(.ARM.Collect$$$$0000000F) for __rt_final_cpp
    entry.o(.ARM.Collect$$$$00000000) refers (Special) to entry11a.o(.ARM.Collect$$$$00000011) for __rt_final_exit
    entry.o(.ARM.Collect$$$$00000000) refers (Special) to entry12b.o(.ARM.Collect$$$$0000000E) for __rt_lib_shutdown_fini
    entry.o(.ARM.Collect$$$$00000000) refers (Special) to entry7b.o(.ARM.Collect$$$$00000008) for _main_clock
    entry.o(.ARM.Collect$$$$00000000) refers (Special) to entry8b.o(.ARM.Collect$$$$0000000A) for _main_cpp_init
    entry.o(.ARM.Collect$$$$00000000) refers (Special) to entry9a.o(.ARM.Collect$$$$0000000B) for _main_init
    entry.o(.ARM.Collect$$$$00000000) refers (Special) to entry5.o(.ARM.Collect$$$$00000004) for _main_scatterload
    entry.o(.ARM.Collect$$$$00000000) refers (Special) to entry2.o(.ARM.Collect$$$$00000001) for _main_stk
    dmul.o(.text) refers (Special) to iusefp.o(.text) for __I$use$fp
    dmul.o(.text) refers to depilogue.o(.text) for _double_epilogue
    ddiv.o(.text) refers (Special) to iusefp.o(.text) for __I$use$fp
    ddiv.o(.text) refers to depilogue.o(.text) for _double_round
    ffltui.o(.text) refers (Special) to iusefp.o(.text) for __I$use$fp
    ffltui.o(.text) refers to fepilogue.o(.text) for _float_epilogue
    dfixi.o(.text) refers (Special) to iusefp.o(.text) for __I$use$fp
    dfixi.o(.text) refers to llushr.o(.text) for __aeabi_llsr
    f2d.o(.text) refers (Special) to iusefp.o(.text) for __I$use$fp
    entry2.o(.ARM.Collect$$$$00000001) refers to entry2.o(.ARM.Collect$$$$00002712) for __lit__00000000
    entry2.o(.ARM.Collect$$$$00002712) refers to startup_stm32f10x_md.o(STACK) for __initial_sp
    entry2.o(__vectab_stack_and_reset_area) refers to startup_stm32f10x_md.o(STACK) for __initial_sp
    entry2.o(__vectab_stack_and_reset_area) refers to entry.o(.ARM.Collect$$$$00000000) for __main
    entry5.o(.ARM.Collect$$$$00000004) refers to init.o(.text) for __scatterload
    entry9a.o(.ARM.Collect$$$$0000000B) refers to main.o(i.main) for main
    entry9b.o(.ARM.Collect$$$$0000000C) refers to main.o(i.main) for main
    depilogue.o(.text) refers to llshl.o(.text) for __aeabi_llsl
    depilogue.o(.text) refers to llushr.o(.text) for __aeabi_llsr
    init.o(.text) refers to entry5.o(.ARM.Collect$$$$00000004) for __main_after_scatterload


==============================================================================

Removing Unused input sections from the image.

    Removing main.o(.rev16_text), (4 bytes).
    Removing main.o(.revsh_text), (4 bytes).
    Removing main.o(.rrx_text), (6 bytes).
    Removing driver_gpio.o(.rev16_text), (4 bytes).
    Removing driver_gpio.o(.revsh_text), (4 bytes).
    Removing driver_gpio.o(.rrx_text), (6 bytes).
    Removing driver_timer.o(.rev16_text), (4 bytes).
    Removing driver_timer.o(.revsh_text), (4 bytes).
    Removing driver_timer.o(.rrx_text), (6 bytes).
    Removing driver_adc.o(.rev16_text), (4 bytes).
    Removing driver_adc.o(.revsh_text), (4 bytes).
    Removing driver_adc.o(.rrx_text), (6 bytes).
    Removing driver_adc.o(i.MyADC_Read), (12 bytes).
    Removing startup_stm32f10x_md.o(HEAP), (512 bytes).
    Removing system_stm32f10x.o(.rev16_text), (4 bytes).
    Removing system_stm32f10x.o(.revsh_text), (4 bytes).
    Removing system_stm32f10x.o(.rrx_text), (6 bytes).
    Removing system_stm32f10x.o(i.SystemCoreClockUpdate), (164 bytes).
    Removing system_stm32f10x.o(.data), (20 bytes).

19 unused section(s) (total 778 bytes) removed from the image.

==============================================================================

Image Symbol Table

    Local Symbols

    Symbol Name                              Value     Ov Type        Size  Object(Section)

    ../clib/microlib/init/entry.s            0x00000000   Number         0  entry7a.o ABSOLUTE
    ../clib/microlib/init/entry.s            0x00000000   Number         0  entry8a.o ABSOLUTE
    ../clib/microlib/init/entry.s            0x00000000   Number         0  entry7b.o ABSOLUTE
    ../clib/microlib/init/entry.s            0x00000000   Number         0  entry.o ABSOLUTE
    ../clib/microlib/init/entry.s            0x00000000   Number         0  entry10b.o ABSOLUTE
    ../clib/microlib/init/entry.s            0x00000000   Number         0  entry11a.o ABSOLUTE
    ../clib/microlib/init/entry.s            0x00000000   Number         0  entry5.o ABSOLUTE
    ../clib/microlib/init/entry.s            0x00000000   Number         0  entry11b.o ABSOLUTE
    ../clib/microlib/init/entry.s            0x00000000   Number         0  entry12a.o ABSOLUTE
    ../clib/microlib/init/entry.s            0x00000000   Number         0  entry2.o ABSOLUTE
    ../clib/microlib/init/entry.s            0x00000000   Number         0  entry12b.o ABSOLUTE
    ../clib/microlib/init/entry.s            0x00000000   Number         0  entry10a.o ABSOLUTE
    ../clib/microlib/init/entry.s            0x00000000   Number         0  entry9b.o ABSOLUTE
    ../clib/microlib/init/entry.s            0x00000000   Number         0  entry9a.o ABSOLUTE
    ../clib/microlib/init/entry.s            0x00000000   Number         0  entry8b.o ABSOLUTE
    ../clib/microlib/longlong.c              0x00000000   Number         0  llshl.o ABSOLUTE
    ../clib/microlib/longlong.c              0x00000000   Number         0  llushr.o ABSOLUTE
    ../clib/microlib/stubs.s                 0x00000000   Number         0  iusefp.o ABSOLUTE
    ../fplib/microlib/f2d.c                  0x00000000   Number         0  f2d.o ABSOLUTE
    ../fplib/microlib/fpdiv.c                0x00000000   Number         0  ddiv.o ABSOLUTE
    ../fplib/microlib/fpepilogue.c           0x00000000   Number         0  fepilogue.o ABSOLUTE
    ../fplib/microlib/fpepilogue.c           0x00000000   Number         0  depilogue.o ABSOLUTE
    ../fplib/microlib/fpfix.c                0x00000000   Number         0  dfixi.o ABSOLUTE
    ../fplib/microlib/fpflt.c                0x00000000   Number         0  ffltui.o ABSOLUTE
    ../fplib/microlib/fpmul.c                0x00000000   Number         0  dmul.o ABSOLUTE
    ..\MesDriver\Driver_GPIO.c               0x00000000   Number         0  driver_gpio.o ABSOLUTE
    ..\MesDriver\Driver_TIMER.c              0x00000000   Number         0  driver_timer.o ABSOLUTE
    ..\\MesDriver\\Driver_GPIO.c             0x00000000   Number         0  driver_gpio.o ABSOLUTE
    ..\\MesDriver\\Driver_TIMER.c            0x00000000   Number         0  driver_timer.o ABSOLUTE
    Driver_ADC.c                             0x00000000   Number         0  driver_adc.o ABSOLUTE
    Driver_ADC.c                             0x00000000   Number         0  driver_adc.o ABSOLUTE
    RTE\Device\STM32F103RB\startup_stm32f10x_md.s 0x00000000   Number         0  startup_stm32f10x_md.o ABSOLUTE
    RTE\Device\STM32F103RB\system_stm32f10x.c 0x00000000   Number         0  system_stm32f10x.o ABSOLUTE
    RTE\\Device\\STM32F103RB\\system_stm32f10x.c 0x00000000   Number         0  system_stm32f10x.o ABSOLUTE
    Sources\\main.c                          0x00000000   Number         0  main.o ABSOLUTE
    Sources\main.c                           0x00000000   Number         0  main.o ABSOLUTE
    dc.s                                     0x00000000   Number         0  dc.o ABSOLUTE
    handlers.s                               0x00000000   Number         0  handlers.o ABSOLUTE
    init.s                                   0x00000000   Number         0  init.o ABSOLUTE
    RESET                                    0x08000000   Section      236  startup_stm32f10x_md.o(RESET)
    .ARM.Collect$$$$00000000                 0x080000ec   Section        0  entry.o(.ARM.Collect$$$$00000000)
    .ARM.Collect$$$$00000001                 0x080000ec   Section        4  entry2.o(.ARM.Collect$$$$00000001)
    .ARM.Collect$$$$00000004                 0x080000f0   Section        4  entry5.o(.ARM.Collect$$$$00000004)
    .ARM.Collect$$$$00000008                 0x080000f4   Section        0  entry7b.o(.ARM.Collect$$$$00000008)
    .ARM.Collect$$$$0000000A                 0x080000f4   Section        0  entry8b.o(.ARM.Collect$$$$0000000A)
    .ARM.Collect$$$$0000000B                 0x080000f4   Section        8  entry9a.o(.ARM.Collect$$$$0000000B)
    .ARM.Collect$$$$0000000E                 0x080000fc   Section        4  entry12b.o(.ARM.Collect$$$$0000000E)
    .ARM.Collect$$$$0000000F                 0x08000100   Section        0  entry10a.o(.ARM.Collect$$$$0000000F)
    .ARM.Collect$$$$00000011                 0x08000100   Section        0  entry11a.o(.ARM.Collect$$$$00000011)
    .ARM.Collect$$$$00002712                 0x08000100   Section        4  entry2.o(.ARM.Collect$$$$00002712)
    __lit__00000000                          0x08000100   Data           4  entry2.o(.ARM.Collect$$$$00002712)
    .text                                    0x08000104   Section       36  startup_stm32f10x_md.o(.text)
    .text                                    0x08000128   Section        0  dmul.o(.text)
    .text                                    0x0800020c   Section        0  ddiv.o(.text)
    .text                                    0x080002ea   Section        0  ffltui.o(.text)
    .text                                    0x080002f4   Section        0  dfixi.o(.text)
    .text                                    0x08000332   Section        0  f2d.o(.text)
    .text                                    0x08000358   Section        0  llushr.o(.text)
    .text                                    0x08000378   Section        0  iusefp.o(.text)
    .text                                    0x08000378   Section        0  fepilogue.o(.text)
    .text                                    0x080003e6   Section        0  depilogue.o(.text)
    .text                                    0x080004a0   Section       36  init.o(.text)
    .text                                    0x080004c4   Section        0  llshl.o(.text)
    i.Callback                               0x080004e4   Section        0  main.o(i.Callback)
    i.MyADC_Init                             0x080004f8   Section        0  driver_adc.o(i.MyADC_Init)
    i.MyGPIO_Init                            0x08000544   Section        0  driver_gpio.o(i.MyGPIO_Init)
    i.MyTimer_ActiveIT                       0x0800060c   Section        0  driver_timer.o(i.MyTimer_ActiveIT)
    i.MyTimer_Base_Init                      0x080006a0   Section        0  driver_timer.o(i.MyTimer_Base_Init)
    i.MyTimer_PWM                            0x080006f0   Section        0  driver_timer.o(i.MyTimer_PWM)
    i.MyTimer_PWM_Cycle                      0x080007a0   Section        0  driver_timer.o(i.MyTimer_PWM_Cycle)
    i.SetSysClock                            0x080008b0   Section        0  system_stm32f10x.o(i.SetSysClock)
    SetSysClock                              0x080008b1   Thumb Code     8  system_stm32f10x.o(i.SetSysClock)
    i.SetSysClockTo72                        0x080008b8   Section        0  system_stm32f10x.o(i.SetSysClockTo72)
    SetSysClockTo72                          0x080008b9   Thumb Code   214  system_stm32f10x.o(i.SetSysClockTo72)
    i.SystemInit                             0x08000998   Section        0  system_stm32f10x.o(i.SystemInit)
    i.TIM1_UP_IRQHandler                     0x080009f8   Section        0  driver_timer.o(i.TIM1_UP_IRQHandler)
    i.TIM2_IRQHandler                        0x08000a18   Section        0  driver_timer.o(i.TIM2_IRQHandler)
    i.TIM3_IRQHandler                        0x08000a38   Section        0  driver_timer.o(i.TIM3_IRQHandler)
    i.TIM4_IRQHandler                        0x08000a58   Section        0  driver_timer.o(i.TIM4_IRQHandler)
    i.__NVIC_EnableIRQ                       0x08000a78   Section        0  driver_timer.o(i.__NVIC_EnableIRQ)
    __NVIC_EnableIRQ                         0x08000a79   Thumb Code    34  driver_timer.o(i.__NVIC_EnableIRQ)
    i.__NVIC_SetPriority                     0x08000a9c   Section        0  driver_timer.o(i.__NVIC_SetPriority)
    __NVIC_SetPriority                       0x08000a9d   Thumb Code    32  driver_timer.o(i.__NVIC_SetPriority)
    i.__scatterload_copy                     0x08000ac4   Section       14  handlers.o(i.__scatterload_copy)
    i.__scatterload_null                     0x08000ad2   Section        2  handlers.o(i.__scatterload_null)
    i.__scatterload_zeroinit                 0x08000ad4   Section       14  handlers.o(i.__scatterload_zeroinit)
    i.main                                   0x08000ae4   Section        0  main.o(i.main)
    .data                                    0x20000000   Section       16  driver_timer.o(.data)
    STACK                                    0x20000010   Section     1024  startup_stm32f10x_md.o(STACK)

    Global Symbols

    Symbol Name                              Value     Ov Type        Size  Object(Section)

    BuildAttributes$$THM_ISAv4$P$D$K$B$S$PE$A:L22UL41UL21$X:L11$S22US41US21$IEEE1$IW$USESV6$~STKCKD$USESV7$~SHL$OTIME$ROPI$EBA8$MICROLIB$REQ8$PRES8$EABIv2 0x00000000   Number         0  anon$$obj.o ABSOLUTE
    __ARM_use_no_argv                        0x00000000   Number         0  main.o ABSOLUTE
    __arm_fini_                               - Undefined Weak Reference
    __cpp_initialize__aeabi_                  - Undefined Weak Reference
    __cxa_finalize                            - Undefined Weak Reference
    __decompress                              - Undefined Weak Reference
    _clock_init                               - Undefined Weak Reference
    _microlib_exit                            - Undefined Weak Reference
    __Vectors_Size                           0x000000ec   Number         0  startup_stm32f10x_md.o ABSOLUTE
    __Vectors                                0x08000000   Data           4  startup_stm32f10x_md.o(RESET)
    __Vectors_End                            0x080000ec   Data           0  startup_stm32f10x_md.o(RESET)
    __main                                   0x080000ed   Thumb Code     0  entry.o(.ARM.Collect$$$$00000000)
    _main_stk                                0x080000ed   Thumb Code     0  entry2.o(.ARM.Collect$$$$00000001)
    _main_scatterload                        0x080000f1   Thumb Code     0  entry5.o(.ARM.Collect$$$$00000004)
    __main_after_scatterload                 0x080000f5   Thumb Code     0  entry5.o(.ARM.Collect$$$$00000004)
    _main_clock                              0x080000f5   Thumb Code     0  entry7b.o(.ARM.Collect$$$$00000008)
    _main_cpp_init                           0x080000f5   Thumb Code     0  entry8b.o(.ARM.Collect$$$$0000000A)
    _main_init                               0x080000f5   Thumb Code     0  entry9a.o(.ARM.Collect$$$$0000000B)
    __rt_lib_shutdown_fini                   0x080000fd   Thumb Code     0  entry12b.o(.ARM.Collect$$$$0000000E)
    __rt_final_cpp                           0x08000101   Thumb Code     0  entry10a.o(.ARM.Collect$$$$0000000F)
    __rt_final_exit                          0x08000101   Thumb Code     0  entry11a.o(.ARM.Collect$$$$00000011)
    Reset_Handler                            0x08000105   Thumb Code     8  startup_stm32f10x_md.o(.text)
    NMI_Handler                              0x0800010d   Thumb Code     2  startup_stm32f10x_md.o(.text)
    HardFault_Handler                        0x0800010f   Thumb Code     2  startup_stm32f10x_md.o(.text)
    MemManage_Handler                        0x08000111   Thumb Code     2  startup_stm32f10x_md.o(.text)
    BusFault_Handler                         0x08000113   Thumb Code     2  startup_stm32f10x_md.o(.text)
    UsageFault_Handler                       0x08000115   Thumb Code     2  startup_stm32f10x_md.o(.text)
    SVC_Handler                              0x08000117   Thumb Code     2  startup_stm32f10x_md.o(.text)
    DebugMon_Handler                         0x08000119   Thumb Code     2  startup_stm32f10x_md.o(.text)
    PendSV_Handler                           0x0800011b   Thumb Code     2  startup_stm32f10x_md.o(.text)
    SysTick_Handler                          0x0800011d   Thumb Code     2  startup_stm32f10x_md.o(.text)
    ADC1_2_IRQHandler                        0x0800011f   Thumb Code     0  startup_stm32f10x_md.o(.text)
    CAN1_RX1_IRQHandler                      0x0800011f   Thumb Code     0  startup_stm32f10x_md.o(.text)
    CAN1_SCE_IRQHandler                      0x0800011f   Thumb Code     0  startup_stm32f10x_md.o(.text)
    DMA1_Channel1_IRQHandler                 0x0800011f   Thumb Code     0  startup_stm32f10x_md.o(.text)
    DMA1_Channel2_IRQHandler                 0x0800011f   Thumb Code     0  startup_stm32f10x_md.o(.text)
    DMA1_Channel3_IRQHandler                 0x0800011f   Thumb Code     0  startup_stm32f10x_md.o(.text)
    DMA1_Channel4_IRQHandler                 0x0800011f   Thumb Code     0  startup_stm32f10x_md.o(.text)
    DMA1_Channel5_IRQHandler                 0x0800011f   Thumb Code     0  startup_stm32f10x_md.o(.text)
    DMA1_Channel6_IRQHandler                 0x0800011f   Thumb Code     0  startup_stm32f10x_md.o(.text)
    DMA1_Channel7_IRQHandler                 0x0800011f   Thumb Code     0  startup_stm32f10x_md.o(.text)
    EXTI0_IRQHandler                         0x0800011f   Thumb Code     0  startup_stm32f10x_md.o(.text)
    EXTI15_10_IRQHandler                     0x0800011f   Thumb Code     0  startup_stm32f10x_md.o(.text)
    EXTI1_IRQHandler                         0x0800011f   Thumb Code     0  startup_stm32f10x_md.o(.text)
    EXTI2_IRQHandler                         0x0800011f   Thumb Code     0  startup_stm32f10x_md.o(.text)
    EXTI3_IRQHandler                         0x0800011f   Thumb Code     0  startup_stm32f10x_md.o(.text)
    EXTI4_IRQHandler                         0x0800011f   Thumb Code     0  startup_stm32f10x_md.o(.text)
    EXTI9_5_IRQHandler                       0x0800011f   Thumb Code     0  startup_stm32f10x_md.o(.text)
    FLASH_IRQHandler                         0x0800011f   Thumb Code     0  startup_stm32f10x_md.o(.text)
    I2C1_ER_IRQHandler                       0x0800011f   Thumb Code     0  startup_stm32f10x_md.o(.text)
    I2C1_EV_IRQHandler                       0x0800011f   Thumb Code     0  startup_stm32f10x_md.o(.text)
    I2C2_ER_IRQHandler                       0x0800011f   Thumb Code     0  startup_stm32f10x_md.o(.text)
    I2C2_EV_IRQHandler                       0x0800011f   Thumb Code     0  startup_stm32f10x_md.o(.text)
    PVD_IRQHandler                           0x0800011f   Thumb Code     0  startup_stm32f10x_md.o(.text)
    RCC_IRQHandler                           0x0800011f   Thumb Code     0  startup_stm32f10x_md.o(.text)
    RTCAlarm_IRQHandler                      0x0800011f   Thumb Code     0  startup_stm32f10x_md.o(.text)
    RTC_IRQHandler                           0x0800011f   Thumb Code     0  startup_stm32f10x_md.o(.text)
    SPI1_IRQHandler                          0x0800011f   Thumb Code     0  startup_stm32f10x_md.o(.text)
    SPI2_IRQHandler                          0x0800011f   Thumb Code     0  startup_stm32f10x_md.o(.text)
    TAMPER_IRQHandler                        0x0800011f   Thumb Code     0  startup_stm32f10x_md.o(.text)
    TIM1_BRK_IRQHandler                      0x0800011f   Thumb Code     0  startup_stm32f10x_md.o(.text)
    TIM1_CC_IRQHandler                       0x0800011f   Thumb Code     0  startup_stm32f10x_md.o(.text)
    TIM1_TRG_COM_IRQHandler                  0x0800011f   Thumb Code     0  startup_stm32f10x_md.o(.text)
    USART1_IRQHandler                        0x0800011f   Thumb Code     0  startup_stm32f10x_md.o(.text)
    USART2_IRQHandler                        0x0800011f   Thumb Code     0  startup_stm32f10x_md.o(.text)
    USART3_IRQHandler                        0x0800011f   Thumb Code     0  startup_stm32f10x_md.o(.text)
    USBWakeUp_IRQHandler                     0x0800011f   Thumb Code     0  startup_stm32f10x_md.o(.text)
    USB_HP_CAN1_TX_IRQHandler                0x0800011f   Thumb Code     0  startup_stm32f10x_md.o(.text)
    USB_LP_CAN1_RX0_IRQHandler               0x0800011f   Thumb Code     0  startup_stm32f10x_md.o(.text)
    WWDG_IRQHandler                          0x0800011f   Thumb Code     0  startup_stm32f10x_md.o(.text)
    __aeabi_dmul                             0x08000129   Thumb Code   228  dmul.o(.text)
    __aeabi_ddiv                             0x0800020d   Thumb Code   222  ddiv.o(.text)
    __aeabi_ui2f                             0x080002eb   Thumb Code    10  ffltui.o(.text)
    __aeabi_d2iz                             0x080002f5   Thumb Code    62  dfixi.o(.text)
    __aeabi_f2d                              0x08000333   Thumb Code    38  f2d.o(.text)
    __aeabi_llsr                             0x08000359   Thumb Code    32  llushr.o(.text)
    _ll_ushift_r                             0x08000359   Thumb Code     0  llushr.o(.text)
    __I$use$fp                               0x08000379   Thumb Code     0  iusefp.o(.text)
    _float_round                             0x08000379   Thumb Code    18  fepilogue.o(.text)
    _float_epilogue                          0x0800038b   Thumb Code    92  fepilogue.o(.text)
    _double_round                            0x080003e7   Thumb Code    30  depilogue.o(.text)
    _double_epilogue                         0x08000405   Thumb Code   156  depilogue.o(.text)
    __scatterload                            0x080004a1   Thumb Code    28  init.o(.text)
    __scatterload_rt2                        0x080004a1   Thumb Code     0  init.o(.text)
    __aeabi_llsl                             0x080004c5   Thumb Code    30  llshl.o(.text)
    _ll_shift_l                              0x080004c5   Thumb Code     0  llshl.o(.text)
    Callback                                 0x080004e5   Thumb Code    14  main.o(i.Callback)
    MyADC_Init                               0x080004f9   Thumb Code    62  driver_adc.o(i.MyADC_Init)
    MyGPIO_Init                              0x08000545   Thumb Code   178  driver_gpio.o(i.MyGPIO_Init)
    MyTimer_ActiveIT                         0x0800060d   Thumb Code   120  driver_timer.o(i.MyTimer_ActiveIT)
    MyTimer_Base_Init                        0x080006a1   Thumb Code    66  driver_timer.o(i.MyTimer_Base_Init)
    MyTimer_PWM                              0x080006f1   Thumb Code   172  driver_timer.o(i.MyTimer_PWM)
    MyTimer_PWM_Cycle                        0x080007a1   Thumb Code   266  driver_timer.o(i.MyTimer_PWM_Cycle)
    SystemInit                               0x08000999   Thumb Code    78  system_stm32f10x.o(i.SystemInit)
    TIM1_UP_IRQHandler                       0x080009f9   Thumb Code    22  driver_timer.o(i.TIM1_UP_IRQHandler)
    TIM2_IRQHandler                          0x08000a19   Thumb Code    26  driver_timer.o(i.TIM2_IRQHandler)
    TIM3_IRQHandler                          0x08000a39   Thumb Code    22  driver_timer.o(i.TIM3_IRQHandler)
    TIM4_IRQHandler                          0x08000a59   Thumb Code    22  driver_timer.o(i.TIM4_IRQHandler)
    __scatterload_copy                       0x08000ac5   Thumb Code    14  handlers.o(i.__scatterload_copy)
    __scatterload_null                       0x08000ad3   Thumb Code     2  handlers.o(i.__scatterload_null)
    __scatterload_zeroinit                   0x08000ad5   Thumb Code    14  handlers.o(i.__scatterload_zeroinit)
    main                                     0x08000ae5   Thumb Code    84  main.o(i.main)
    Region$$Table$$Base                      0x08000b48   Number         0  anon$$obj.o(Region$$Table)
    Region$$Table$$Limit                     0x08000b68   Number         0  anon$$obj.o(Region$$Table)
    callback1                                0x20000000   Data           4  driver_timer.o(.data)
    callback2                                0x20000004   Data           4  driver_timer.o(.data)
    callback3                                0x20000008   Data           4  driver_timer.o(.data)
    callback4                                0x2000000c   Data           4  driver_timer.o(.data)
    __initial_sp                             0x20000410   Data           0  startup_stm32f10x_md.o(STACK)



==============================================================================

Memory Map of the image

  Image Entry point : 0x08000105

  Load Region LR_1 (Base: 0x08000000, Size: 0x00000b78, Max: 0xffffffff, ABSOLUTE)

    Execution Region ER_RO (Exec base: 0x08000000, Load base: 0x08000000, Size: 0x00000b68, Max: 0xffffffff, ABSOLUTE)

    Exec Addr    Load Addr    Size         Type   Attr      Idx    E Section Name        Object

    0x08000000   0x08000000   0x000000ec   Data   RO          208    RESET               startup_stm32f10x_md.o
    0x080000ec   0x080000ec   0x00000000   Code   RO          259  * .ARM.Collect$$$$00000000  mc_w.l(entry.o)
    0x080000ec   0x080000ec   0x00000004   Code   RO          272    .ARM.Collect$$$$00000001  mc_w.l(entry2.o)
    0x080000f0   0x080000f0   0x00000004   Code   RO          275    .ARM.Collect$$$$00000004  mc_w.l(entry5.o)
    0x080000f4   0x080000f4   0x00000000   Code   RO          277    .ARM.Collect$$$$00000008  mc_w.l(entry7b.o)
    0x080000f4   0x080000f4   0x00000000   Code   RO          279    .ARM.Collect$$$$0000000A  mc_w.l(entry8b.o)
    0x080000f4   0x080000f4   0x00000008   Code   RO          280    .ARM.Collect$$$$0000000B  mc_w.l(entry9a.o)
    0x080000fc   0x080000fc   0x00000004   Code   RO          287    .ARM.Collect$$$$0000000E  mc_w.l(entry12b.o)
    0x08000100   0x08000100   0x00000000   Code   RO          282    .ARM.Collect$$$$0000000F  mc_w.l(entry10a.o)
    0x08000100   0x08000100   0x00000000   Code   RO          284    .ARM.Collect$$$$00000011  mc_w.l(entry11a.o)
    0x08000100   0x08000100   0x00000004   Code   RO          273    .ARM.Collect$$$$00002712  mc_w.l(entry2.o)
    0x08000104   0x08000104   0x00000024   Code   RO          209  * .text               startup_stm32f10x_md.o
    0x08000128   0x08000128   0x000000e4   Code   RO          262    .text               mf_w.l(dmul.o)
    0x0800020c   0x0800020c   0x000000de   Code   RO          264    .text               mf_w.l(ddiv.o)
    0x080002ea   0x080002ea   0x0000000a   Code   RO          266    .text               mf_w.l(ffltui.o)
    0x080002f4   0x080002f4   0x0000003e   Code   RO          268    .text               mf_w.l(dfixi.o)
    0x08000332   0x08000332   0x00000026   Code   RO          270    .text               mf_w.l(f2d.o)
    0x08000358   0x08000358   0x00000020   Code   RO          288    .text               mc_w.l(llushr.o)
    0x08000378   0x08000378   0x00000000   Code   RO          290    .text               mc_w.l(iusefp.o)
    0x08000378   0x08000378   0x0000006e   Code   RO          291    .text               mf_w.l(fepilogue.o)
    0x080003e6   0x080003e6   0x000000ba   Code   RO          293    .text               mf_w.l(depilogue.o)
    0x080004a0   0x080004a0   0x00000024   Code   RO          295    .text               mc_w.l(init.o)
    0x080004c4   0x080004c4   0x0000001e   Code   RO          297    .text               mc_w.l(llshl.o)
    0x080004e2   0x080004e2   0x00000002   PAD
    0x080004e4   0x080004e4   0x00000014   Code   RO            4    i.Callback          main.o
    0x080004f8   0x080004f8   0x0000004c   Code   RO          179    i.MyADC_Init        driver_adc.o
    0x08000544   0x08000544   0x000000c8   Code   RO           72    i.MyGPIO_Init       driver_gpio.o
    0x0800060c   0x0800060c   0x00000094   Code   RO           96    i.MyTimer_ActiveIT  driver_timer.o
    0x080006a0   0x080006a0   0x00000050   Code   RO           97    i.MyTimer_Base_Init  driver_timer.o
    0x080006f0   0x080006f0   0x000000b0   Code   RO           98    i.MyTimer_PWM       driver_timer.o
    0x080007a0   0x080007a0   0x00000110   Code   RO           99    i.MyTimer_PWM_Cycle  driver_timer.o
    0x080008b0   0x080008b0   0x00000008   Code   RO          216    i.SetSysClock       system_stm32f10x.o
    0x080008b8   0x080008b8   0x000000e0   Code   RO          217    i.SetSysClockTo72   system_stm32f10x.o
    0x08000998   0x08000998   0x00000060   Code   RO          219    i.SystemInit        system_stm32f10x.o
    0x080009f8   0x080009f8   0x00000020   Code   RO          100    i.TIM1_UP_IRQHandler  driver_timer.o
    0x08000a18   0x08000a18   0x00000020   Code   RO          101    i.TIM2_IRQHandler   driver_timer.o
    0x08000a38   0x08000a38   0x00000020   Code   RO          102    i.TIM3_IRQHandler   driver_timer.o
    0x08000a58   0x08000a58   0x00000020   Code   RO          103    i.TIM4_IRQHandler   driver_timer.o
    0x08000a78   0x08000a78   0x00000022   Code   RO          104    i.__NVIC_EnableIRQ  driver_timer.o
    0x08000a9a   0x08000a9a   0x00000002   PAD
    0x08000a9c   0x08000a9c   0x00000028   Code   RO          105    i.__NVIC_SetPriority  driver_timer.o
    0x08000ac4   0x08000ac4   0x0000000e   Code   RO          301    i.__scatterload_copy  mc_w.l(handlers.o)
    0x08000ad2   0x08000ad2   0x00000002   Code   RO          302    i.__scatterload_null  mc_w.l(handlers.o)
    0x08000ad4   0x08000ad4   0x0000000e   Code   RO          303    i.__scatterload_zeroinit  mc_w.l(handlers.o)
    0x08000ae2   0x08000ae2   0x00000002   PAD
    0x08000ae4   0x08000ae4   0x00000064   Code   RO            5    i.main              main.o
    0x08000b48   0x08000b48   0x00000020   Data   RO          299    Region$$Table       anon$$obj.o


    Execution Region ER_RW (Exec base: 0x20000000, Load base: 0x08000b68, Size: 0x00000010, Max: 0xffffffff, ABSOLUTE)

    Exec Addr    Load Addr    Size         Type   Attr      Idx    E Section Name        Object

    0x20000000   0x08000b68   0x00000010   Data   RW          106    .data               driver_timer.o


    Execution Region ER_ZI (Exec base: 0x20000010, Load base: 0x08000b78, Size: 0x00000400, Max: 0xffffffff, ABSOLUTE)

    Exec Addr    Load Addr    Size         Type   Attr      Idx    E Section Name        Object

    0x20000010        -       0x00000400   Zero   RW          206    STACK               startup_stm32f10x_md.o


==============================================================================

Image component sizes


      Code (inc. data)   RO Data    RW Data    ZI Data      Debug   Object Name

        76         14          0          0          0        725   driver_adc.o
       200         22          0          0          0       1090   driver_gpio.o
       878         96          0         16          0       5930   driver_timer.o
       120         22          0          0          0     207138   main.o
        36          8        236          0       1024        792   startup_stm32f10x_md.o
       328         28          0          0          0       1901   system_stm32f10x.o

    ----------------------------------------------------------------------
      1640        190        268         16       1024     217576   Object Totals
         0          0         32          0          0          0   (incl. Generated)
         2          0          0          0          0          0   (incl. Padding)

    ----------------------------------------------------------------------

      Code (inc. data)   RO Data    RW Data    ZI Data      Debug   Library Member Name

         0          0          0          0          0          0   entry.o
         0          0          0          0          0          0   entry10a.o
         0          0          0          0          0          0   entry11a.o
         4          0          0          0          0          0   entry12b.o
         8          4          0          0          0          0   entry2.o
         4          0          0          0          0          0   entry5.o
         0          0          0          0          0          0   entry7b.o
         0          0          0          0          0          0   entry8b.o
         8          4          0          0          0          0   entry9a.o
        30          0          0          0          0          0   handlers.o
        36          8          0          0          0         68   init.o
         0          0          0          0          0          0   iusefp.o
        30          0          0          0          0         68   llshl.o
        32          0          0          0          0         68   llushr.o
       222          0          0          0          0        100   ddiv.o
       186          0          0          0          0        176   depilogue.o
        62          0          0          0          0         80   dfixi.o
       228          0          0          0          0         96   dmul.o
        38          0          0          0          0         68   f2d.o
       110          0          0          0          0        168   fepilogue.o
        10          0          0          0          0         68   ffltui.o

    ----------------------------------------------------------------------
      1012         16          0          0          0        960   Library Totals
         4          0          0          0          0          0   (incl. Padding)

    ----------------------------------------------------------------------

      Code (inc. data)   RO Data    RW Data    ZI Data      Debug   Library Name

       152         16          0          0          0        204   mc_w.l
       856          0          0          0          0        756   mf_w.l

    ----------------------------------------------------------------------
      1012         16          0          0          0        960   Library Totals

    ----------------------------------------------------------------------

==============================================================================


      Code (inc. data)   RO Data    RW Data    ZI Data      Debug   

      2652        206        268         16       1024     217492   Grand Totals
      2652        206        268         16       1024     217492   ELF Image Totals
      2652        206        268         16          0          0   ROM Totals

==============================================================================

    Total RO  Size (Code + RO Data)                 2920 (   2.85kB)
    Total RW  Size (RW Data + ZI Data)              1040 (   1.02kB)
    Total ROM Size (Code + RO Data + RW Data)       2936 (   2.87kB)

==============================================================================

